2026-04-22T06:43:27-06:00 | SMART MONEY - GOOD MONEY Chart Runtime | executor started
2026-04-22T06:43:29-06:00 | SMART MONEY - GOOD MONEY Chart Runtime | FOREXCOM:US30 applied (dry-run): 4H RESISTANCE 49483.10, 4H SUPPORT 49152.10, 5M EXECUTION SHORT 49257.60, 5M EXECUTION LONG 49333.60
2026-04-22T06:43:41-06:00 | SMART MONEY - GOOD MONEY Chart Runtime | PEPPERSTONE:XAUUSD applied (dry-run): 4H RESISTANCE 4772.95, 4H SUPPORT 4692.49, 5M EXECUTION SHORT 4750.35, 5M EXECUTION LONG 4735.76
2026-04-22T11:08:26-06:00 | SMART MONEY - GOOD MONEY Chart Runtime | executor started
2026-04-22T11:08:29-06:00 | SMART MONEY - GOOD MONEY Chart Runtime | FOREXCOM:US30 failed: TvCliError: tv draw clear failed (1): {
  "success": false,
  "error": "getChartApi is not defined"
}
2026-04-22T11:09:08-06:00 | SMART MONEY - GOOD MONEY Chart Runtime | executor started
2026-04-22T11:09:16-06:00 | SMART MONEY - GOOD MONEY Chart Runtime | FOREXCOM:US30 failed: TvCliError: tv draw clear failed (1): {
  "success": false,
  "error": "getChartApi is not defined"
}
2026-04-22T11:10:00-06:00 | SMART MONEY - GOOD MONEY Chart Runtime | executor started
2026-04-22T11:10:17-06:00 | SMART MONEY - GOOD MONEY Chart Runtime | FOREXCOM:US30 applied (live): 4H RESISTANCE 49531.60, 4H SUPPORT 48885.65, 5M EXECUTION SHORT 49480.15, 5M EXECUTION LONG 49407.10
2026-04-22T11:11:01-06:00 | SMART MONEY - GOOD MONEY Chart Runtime | executor started
2026-04-22T11:11:13-06:00 | SMART MONEY - GOOD MONEY Chart Runtime | PEPPERSTONE:XAUUSD applied (dry-run): 4H RESISTANCE 4772.95, 4H SUPPORT 4692.49, 5M EXECUTION SHORT 4750.48, 5M EXECUTION LONG 4740.44
2026-04-22T11:18:52-06:00 | SMART MONEY - GOOD MONEY Chart Runtime | executor started
2026-04-22T11:19:05-06:00 | SMART MONEY - GOOD MONEY Chart Runtime | PEPPERSTONE:XAUUSD applied (live): 4H RESISTANCE 4772.95, 4H SUPPORT 4692.49, 5M EXECUTION SHORT 4750.48, 5M EXECUTION LONG 4740.44
2026-04-22T11:19:15-06:00 | SMART MONEY - GOOD MONEY Chart Runtime | executor started
2026-04-22T11:19:39-06:00 | SMART MONEY - GOOD MONEY Chart Runtime | FOREXCOM:US30 applied (live): 4H RESISTANCE 49531.60, 4H SUPPORT 48885.65, 5M EXECUTION SHORT 49480.15, 5M EXECUTION LONG 49407.10
2026-04-22T11:26:40-06:00 | SMART MONEY - GOOD MONEY Chart Runtime | executor started
2026-04-22T11:26:41-06:00 | SMART MONEY - GOOD MONEY Chart Runtime | FOREXCOM:US30 applied (dry-run): 4H RESISTANCE 49531.60, 4H SUPPORT 48885.65, 5M EXECUTION SHORT 49480.15, 5M EXECUTION LONG 49407.10
2026-04-22T11:26:48-06:00 | SMART MONEY - GOOD MONEY Chart Runtime | executor started
2026-04-22T11:26:55-06:00 | SMART MONEY - GOOD MONEY Chart Runtime | FOREXCOM:US30 applied (live): 4H RESISTANCE 49531.60, 4H SUPPORT 48885.65, 5M EXECUTION SHORT 49480.15, 5M EXECUTION LONG 49407.10
2026-04-22T11:27:16-06:00 | SMART MONEY - GOOD MONEY Chart Runtime | executor started
2026-04-22T11:27:35-06:00 | SMART MONEY - GOOD MONEY Chart Runtime | PEPPERSTONE:XAUUSD applied (live): 4H RESISTANCE 4772.95, 4H SUPPORT 4692.49, 5M EXECUTION SHORT 4750.48, 5M EXECUTION LONG 4740.44
2026-04-22T11:34:37-06:00 | SMART MONEY - GOOD MONEY Chart Runtime | executor started
2026-04-22T13:25:07-06:00 | SMART MONEY - GOOD MONEY Chart Runtime | executor started
2026-04-22T13:25:26-06:00 | SMART MONEY - GOOD MONEY Chart Runtime | FOREXCOM:US30 applied (live): 4H RESISTANCE 49531.60, 4H SUPPORT 48885.65, 5M EXECUTION SHORT 49407.10, 5M EXECUTION LONG 49335.15
2026-04-22T16:16:17-06:00 | SMART MONEY - GOOD MONEY Chart Runtime | executor started
2026-04-22T16:16:23-06:00 | SMART MONEY - GOOD MONEY Chart Runtime | FOREXCOM:US30 applied (live): 4H RESISTANCE 49531.60, 4H SUPPORT 48885.65, 5M EXECUTION SHORT 49335.15, 5M EXECUTION LONG 49237.10
2026-04-22T16:16:39-06:00 | SMART MONEY - GOOD MONEY Chart Runtime | PEPPERSTONE:XAUUSD applied (live): 4H RESISTANCE 4772.95, 4H SUPPORT 4692.49, 5M EXECUTION SHORT 4740.44, 5M EXECUTION LONG 4723.84
2026-04-22T16:42:23-06:00 | SMART MONEY - GOOD MONEY Chart Runtime | executor started
2026-04-22T16:42:32-06:00 | SMART MONEY - GOOD MONEY Chart Runtime | PEPPERSTONE:XAUUSD applied (live): 4H RESISTANCE 4772.95, 4H SUPPORT 4692.49, 5M EXECUTION SHORT 4740.44, 5M EXECUTION LONG 4723.84
2026-04-23T06:27:01-06:00 | SMART MONEY - GOOD MONEY Chart Runtime | executor started
2026-04-23T06:27:08-06:00 | SMART MONEY - GOOD MONEY Chart Runtime | FOREXCOM:US30 applied (live): 4H RESISTANCE 49531.60, 4H SUPPORT 48885.65, 5M EXECUTION SHORT 49359.15, 5M EXECUTION LONG 49260.15
2026-04-23T06:27:25-06:00 | SMART MONEY - GOOD MONEY Chart Runtime | PEPPERSTONE:XAUUSD applied (live): 4H RESISTANCE 4772.95, 4H SUPPORT 4692.49, 5M EXECUTION SHORT 4753.46, 5M EXECUTION LONG 4724.84
2026-04-23T06:59:20-06:00 | SMART MONEY - GOOD MONEY Chart Runtime | executor started
2026-04-23T07:00:23-06:00 | SMART MONEY - GOOD MONEY Chart Runtime | FOREXCOM:US30 applied (dry-run): 4H RESISTANCE 49531.60, 4H SUPPORT 48885.65, 5M EXECUTION SHORT 49234.15, 5M EXECUTION LONG 49150.65
2026-04-23T07:00:35-06:00 | SMART MONEY - GOOD MONEY Chart Runtime | PEPPERSTONE:XAUUSD applied (dry-run): 4H RESISTANCE 4772.95, 4H SUPPORT 4692.49, 5M EXECUTION SHORT 4753.46, 5M EXECUTION LONG 4724.84
2026-04-23T07:02:27-06:00 | SMART MONEY - GOOD MONEY Chart Runtime | executor started
2026-04-23T07:02:39-06:00 | SMART MONEY - GOOD MONEY Chart Runtime | FOREXCOM:US30 applied (dry-run): 4H RESISTANCE 49531.60, 4H SUPPORT 48885.65, 5M EXECUTION SHORT 49234.15, 5M EXECUTION LONG 49150.65
2026-04-23T07:02:52-06:00 | SMART MONEY - GOOD MONEY Chart Runtime | PEPPERSTONE:XAUUSD applied (dry-run): 4H RESISTANCE 4772.95, 4H SUPPORT 4692.49, 5M EXECUTION SHORT 4753.46, 5M EXECUTION LONG 4724.84
2026-04-23T07:05:06-06:00 | SMART MONEY - GOOD MONEY Chart Runtime | FOREXCOM:US30 applied (live): 4H RESISTANCE 49531.60, 4H SUPPORT 48885.65, 5M EXECUTION SHORT 49234.15, 5M EXECUTION LONG 49150.65
2026-04-23T07:05:25-06:00 | SMART MONEY - GOOD MONEY Chart Runtime | PEPPERSTONE:XAUUSD applied (live): 4H RESISTANCE 4772.95, 4H SUPPORT 4692.49, 5M EXECUTION SHORT 4753.46, 5M EXECUTION LONG 4724.84
2026-04-23T10:50:10-06:00 | SMART MONEY - GOOD MONEY Chart Runtime | executor started
2026-04-23T10:50:45-06:00 | SMART MONEY - GOOD MONEY Chart Runtime | executor started
2026-04-23T10:50:45-06:00 | SMART MONEY - GOOD MONEY Chart Runtime | executor started
2026-04-23T10:51:02-06:00 | SMART MONEY - GOOD MONEY Chart Runtime | FOREXCOM:US30 applied (dry-run): 4H RESISTANCE 49531.60, 4H SUPPORT 48885.65, 5M EXECUTION SHORT 49420.60, 5M EXECUTION LONG 49368.60
2026-04-23T10:51:04-06:00 | SMART MONEY - GOOD MONEY Chart Runtime | FOREXCOM:US30 applied (dry-run): 4H RESISTANCE 49531.60, 4H SUPPORT 48885.65, 5M EXECUTION SHORT 49420.60, 5M EXECUTION LONG 49368.60
2026-04-23T10:51:14-06:00 | SMART MONEY - GOOD MONEY Chart Runtime | FOREXCOM:US30 applied (live): 4H RESISTANCE 49531.60, 4H SUPPORT 48885.65, 5M EXECUTION SHORT 49420.60, 5M EXECUTION LONG 49368.60
2026-04-23T10:52:29-06:00 | SMART MONEY - GOOD MONEY Chart Runtime | FOREXCOM:US30 applied (live): 4H RESISTANCE 49531.60, 4H SUPPORT 48885.65, 5M EXECUTION SHORT 49420.60, 5M EXECUTION LONG 49368.60
2026-04-23T11:25:55-06:00 | SMART MONEY - GOOD MONEY Chart Runtime | PEPPERSTONE:XAUUSD applied (live): 4H RESISTANCE 4772.95, 4H SUPPORT 4692.49, 5M EXECUTION SHORT 4724.84, 5M EXECUTION LONG 4706.05
2026-04-23T14:16:05-06:00 | SMART MONEY - GOOD MONEY Chart Runtime | executor started
2026-04-23T14:16:44-06:00 | SMART MONEY - GOOD MONEY Chart Runtime | FOREXCOM:US30 applied (live): 4H RESISTANCE 49531.60, 4H SUPPORT 48885.65, 5M EXECUTION SHORT 49343.10, 5M EXECUTION LONG 49187.60
2026-04-23T14:18:20-06:00 | SMART MONEY - GOOD MONEY Chart Runtime | FOREXCOM:US30 applied (live): 4H RESISTANCE 49531.60, 4H SUPPORT 48885.65, 5M EXECUTION SHORT 49343.10, 5M EXECUTION LONG 49187.60
2026-04-23T16:37:55-06:00 | SMART MONEY - GOOD MONEY Chart Runtime | PEPPERSTONE:XAUUSD applied (live): 4H RESISTANCE 4772.95, 4H SUPPORT 4692.49, 5M EXECUTION SHORT 4704.55, 5M EXECUTION LONG 4686.38
2026-04-23T16:39:08-06:00 | SMART MONEY - GOOD MONEY Chart Runtime | PEPPERSTONE:XAUUSD applied (live): 4H RESISTANCE 4772.95, 4H SUPPORT 4664.11, 5M EXECUTION SHORT 4704.55, 5M EXECUTION LONG 4686.38
2026-04-24T05:39:17-06:00 | SMART MONEY - GOOD MONEY Chart Runtime | FOREXCOM:US30 applied (live): 4H RESISTANCE 49531.60, 4H SUPPORT 48885.65, 5M EXECUTION SHORT 49432.45, 5M EXECUTION LONG 49343.10
2026-04-24T05:39:37-06:00 | SMART MONEY - GOOD MONEY Chart Runtime | PEPPERSTONE:XAUUSD applied (live): 4H RESISTANCE 4772.95, 4H SUPPORT 4664.11, 5M EXECUTION SHORT 4724.84, 5M EXECUTION LONG 4704.55
